Using conda env: nnunet_trainer_slurm
SLURM loaded: slurm 23.02.8
Activated: /lustre/nvwulf/home/jinkokim/.conda/envs/nnunet_trainer_slurm/bin/python (Python 3.12.12)
Requirement already satisfied: pydantic-settings>=2.0 in /lustre/nvwulf/home/jinkokim/.conda/envs/nnunet_trainer_slurm/lib/python3.12/site-packages (from -r /lustre/nvwulf/projects/KimGroup-nvwulf/projects/nnunet_worker_slurm/requirements.txt (line 1)) (2.13.1)
Requirement already satisfied: requests>=2.31 in /lustre/nvwulf/home/jinkokim/.conda/envs/nnunet_trainer_slurm/lib/python3.12/site-packages (from -r /lustre/nvwulf/projects/KimGroup-nvwulf/projects/nnunet_worker_slurm/requirements.txt (line 2)) (2.32.5)
Requirement already satisfied: pydantic>=2.7.0 in /lustre/nvwulf/home/jinkokim/.conda/envs/nnunet_trainer_slurm/lib/python3.12/site-packages (from pydantic-settings>=2.0->-r /lustre/nvwulf/projects/KimGroup-nvwulf/projects/nnunet_worker_slurm/requirements.txt (line 1)) (2.12.5)
Requirement already satisfied: python-dotenv>=0.21.0 in /lustre/nvwulf/home/jinkokim/.conda/envs/nnunet_trainer_slurm/lib/python3.12/site-packages (from pydantic-settings>=2.0->-r /lustre/nvwulf/projects/KimGroup-nvwulf/projects/nnunet_worker_slurm/requirements.txt (line 1)) (1.2.2)
Requirement already satisfied: typing-inspection>=0.4.0 in /lustre/nvwulf/home/jinkokim/.conda/envs/nnunet_trainer_slurm/lib/python3.12/site-packages (from pydantic-settings>=2.0->-r /lustre/nvwulf/projects/KimGroup-nvwulf/projects/nnunet_worker_slurm/requirements.txt (line 1)) (0.4.2)
Requirement already satisfied: charset_normalizer<4,>=2 in /lustre/nvwulf/home/jinkokim/.conda/envs/nnunet_trainer_slurm/lib/python3.12/site-packages (from requests>=2.31->-r /lustre/nvwulf/projects/KimGroup-nvwulf/projects/nnunet_worker_slurm/requirements.txt (line 2)) (3.4.6)
Requirement already satisfied: idna<4,>=2.5 in /lustre/nvwulf/home/jinkokim/.conda/envs/nnunet_trainer_slurm/lib/python3.12/site-packages (from requests>=2.31->-r /lustre/nvwulf/projects/KimGroup-nvwulf/projects/nnunet_worker_slurm/requirements.txt (line 2)) (3.11)
Requirement already satisfied: urllib3<3,>=1.21.1 in /lustre/nvwulf/home/jinkokim/.conda/envs/nnunet_trainer_slurm/lib/python3.12/site-packages (from requests>=2.31->-r /lustre/nvwulf/projects/KimGroup-nvwulf/projects/nnunet_worker_slurm/requirements.txt (line 2)) (2.6.3)
Requirement already satisfied: certifi>=2017.4.17 in /lustre/nvwulf/home/jinkokim/.conda/envs/nnunet_trainer_slurm/lib/python3.12/site-packages (from requests>=2.31->-r /lustre/nvwulf/projects/KimGroup-nvwulf/projects/nnunet_worker_slurm/requirements.txt (line 2)) (2026.2.25)
Requirement already satisfied: annotated-types>=0.6.0 in /lustre/nvwulf/home/jinkokim/.conda/envs/nnunet_trainer_slurm/lib/python3.12/site-packages (from pydantic>=2.7.0->pydantic-settings>=2.0->-r /lustre/nvwulf/projects/KimGroup-nvwulf/projects/nnunet_worker_slurm/requirements.txt (line 1)) (0.7.0)
Requirement already satisfied: pydantic-core==2.41.5 in /lustre/nvwulf/home/jinkokim/.conda/envs/nnunet_trainer_slurm/lib/python3.12/site-packages (from pydantic>=2.7.0->pydantic-settings>=2.0->-r /lustre/nvwulf/projects/KimGroup-nvwulf/projects/nnunet_worker_slurm/requirements.txt (line 1)) (2.41.5)
Requirement already satisfied: typing-extensions>=4.14.1 in /lustre/nvwulf/home/jinkokim/.conda/envs/nnunet_trainer_slurm/lib/python3.12/site-packages (from pydantic>=2.7.0->pydantic-settings>=2.0->-r /lustre/nvwulf/projects/KimGroup-nvwulf/projects/nnunet_worker_slurm/requirements.txt (line 1)) (4.15.0)
Requirement already satisfied: nnunetv2 in /lustre/nvwulf/home/jinkokim/.conda/envs/nnunet_trainer_slurm/lib/python3.12/site-packages (2.6.4)
Requirement already satisfied: torch!=2.9.*,>=2.1.2 in /lustre/nvwulf/home/jinkokim/.conda/envs/nnunet_trainer_slurm/lib/python3.12/site-packages (from nnunetv2) (2.10.0)
Requirement already satisfied: acvl-utils<0.3,>=0.2.3 in /lustre/nvwulf/home/jinkokim/.conda/envs/nnunet_trainer_slurm/lib/python3.12/site-packages (from nnunetv2) (0.2.5)
Requirement already satisfied: dynamic-network-architectures<0.5,>=0.4.1 in /lustre/nvwulf/home/jinkokim/.conda/envs/nnunet_trainer_slurm/lib/python3.12/site-packages (from nnunetv2) (0.4.3)
Requirement already satisfied: tqdm in /lustre/nvwulf/home/jinkokim/.conda/envs/nnunet_trainer_slurm/lib/python3.12/site-packages (from nnunetv2) (4.67.3)
Requirement already satisfied: scipy in /lustre/nvwulf/home/jinkokim/.conda/envs/nnunet_trainer_slurm/lib/python3.12/site-packages (from nnunetv2) (1.17.1)
Requirement already satisfied: batchgenerators>=0.25.1 in /lustre/nvwulf/home/jinkokim/.conda/envs/nnunet_trainer_slurm/lib/python3.12/site-packages (from nnunetv2) (0.25.1)
Requirement already satisfied: numpy>=1.24 in /lustre/nvwulf/home/jinkokim/.conda/envs/nnunet_trainer_slurm/lib/python3.12/site-packages (from nnunetv2) (2.4.3)
Requirement already satisfied: scikit-learn in /lustre/nvwulf/home/jinkokim/.conda/envs/nnunet_trainer_slurm/lib/python3.12/site-packages (from nnunetv2) (1.8.0)
Requirement already satisfied: scikit-image>=0.19.3 in /lustre/nvwulf/home/jinkokim/.conda/envs/nnunet_trainer_slurm/lib/python3.12/site-packages (from nnunetv2) (0.26.0)
Requirement already satisfied: SimpleITK>=2.2.1 in /lustre/nvwulf/home/jinkokim/.conda/envs/nnunet_trainer_slurm/lib/python3.12/site-packages (from nnunetv2) (2.5.3)
Requirement already satisfied: pandas in /lustre/nvwulf/home/jinkokim/.conda/envs/nnunet_trainer_slurm/lib/python3.12/site-packages (from nnunetv2) (3.0.1)
Requirement already satisfied: graphviz in /lustre/nvwulf/home/jinkokim/.conda/envs/nnunet_trainer_slurm/lib/python3.12/site-packages (from nnunetv2) (0.21)
Requirement already satisfied: tifffile in /lustre/nvwulf/home/jinkokim/.conda/envs/nnunet_trainer_slurm/lib/python3.12/site-packages (from nnunetv2) (2026.3.3)
Requirement already satisfied: requests in /lustre/nvwulf/home/jinkokim/.conda/envs/nnunet_trainer_slurm/lib/python3.12/site-packages (from nnunetv2) (2.32.5)
Requirement already satisfied: nibabel in /lustre/nvwulf/home/jinkokim/.conda/envs/nnunet_trainer_slurm/lib/python3.12/site-packages (from nnunetv2) (5.4.2)
Requirement already satisfied: matplotlib in /lustre/nvwulf/home/jinkokim/.conda/envs/nnunet_trainer_slurm/lib/python3.12/site-packages (from nnunetv2) (3.10.8)
Requirement already satisfied: seaborn in /lustre/nvwulf/home/jinkokim/.conda/envs/nnunet_trainer_slurm/lib/python3.12/site-packages (from nnunetv2) (0.13.2)
Requirement already satisfied: imagecodecs in /lustre/nvwulf/home/jinkokim/.conda/envs/nnunet_trainer_slurm/lib/python3.12/site-packages (from nnunetv2) (2026.3.6)
Requirement already satisfied: yacs in /lustre/nvwulf/home/jinkokim/.conda/envs/nnunet_trainer_slurm/lib/python3.12/site-packages (from nnunetv2) (0.1.8)
Requirement already satisfied: batchgeneratorsv2>=0.3.0 in /lustre/nvwulf/home/jinkokim/.conda/envs/nnunet_trainer_slurm/lib/python3.12/site-packages (from nnunetv2) (0.3.0)
Requirement already satisfied: einops in /lustre/nvwulf/home/jinkokim/.conda/envs/nnunet_trainer_slurm/lib/python3.12/site-packages (from nnunetv2) (0.8.2)
Requirement already satisfied: blosc2>=3.0.0b1 in /lustre/nvwulf/home/jinkokim/.conda/envs/nnunet_trainer_slurm/lib/python3.12/site-packages (from nnunetv2) (4.1.2)
Requirement already satisfied: connected-components-3d in /lustre/nvwulf/home/jinkokim/.conda/envs/nnunet_trainer_slurm/lib/python3.12/site-packages (from acvl-utils<0.3,>=0.2.3->nnunetv2) (3.26.1)
Requirement already satisfied: timm<1.0.23 in /lustre/nvwulf/home/jinkokim/.conda/envs/nnunet_trainer_slurm/lib/python3.12/site-packages (from dynamic-network-architectures<0.5,>=0.4.1->nnunetv2) (1.0.22)
Requirement already satisfied: torchvision in /lustre/nvwulf/home/jinkokim/.conda/envs/nnunet_trainer_slurm/lib/python3.12/site-packages (from timm<1.0.23->dynamic-network-architectures<0.5,>=0.4.1->nnunetv2) (0.25.0)
Requirement already satisfied: pyyaml in /lustre/nvwulf/home/jinkokim/.conda/envs/nnunet_trainer_slurm/lib/python3.12/site-packages (from timm<1.0.23->dynamic-network-architectures<0.5,>=0.4.1->nnunetv2) (6.0.3)
Requirement already satisfied: huggingface_hub in /lustre/nvwulf/home/jinkokim/.conda/envs/nnunet_trainer_slurm/lib/python3.12/site-packages (from timm<1.0.23->dynamic-network-architectures<0.5,>=0.4.1->nnunetv2) (1.7.1)
Requirement already satisfied: safetensors in /lustre/nvwulf/home/jinkokim/.conda/envs/nnunet_trainer_slurm/lib/python3.12/site-packages (from timm<1.0.23->dynamic-network-architectures<0.5,>=0.4.1->nnunetv2) (0.7.0)
Requirement already satisfied: pillow>=7.1.2 in /lustre/nvwulf/home/jinkokim/.conda/envs/nnunet_trainer_slurm/lib/python3.12/site-packages (from batchgenerators>=0.25.1->nnunetv2) (12.1.1)
Requirement already satisfied: future in /lustre/nvwulf/home/jinkokim/.conda/envs/nnunet_trainer_slurm/lib/python3.12/site-packages (from batchgenerators>=0.25.1->nnunetv2) (1.0.0)
Requirement already satisfied: unittest2 in /lustre/nvwulf/home/jinkokim/.conda/envs/nnunet_trainer_slurm/lib/python3.12/site-packages (from batchgenerators>=0.25.1->nnunetv2) (1.1.0)
Requirement already satisfied: threadpoolctl in /lustre/nvwulf/home/jinkokim/.conda/envs/nnunet_trainer_slurm/lib/python3.12/site-packages (from batchgenerators>=0.25.1->nnunetv2) (3.6.0)
Requirement already satisfied: fft-conv-pytorch in /lustre/nvwulf/home/jinkokim/.conda/envs/nnunet_trainer_slurm/lib/python3.12/site-packages (from batchgeneratorsv2>=0.3.0->nnunetv2) (1.2.0)
Requirement already satisfied: ndindex in /lustre/nvwulf/home/jinkokim/.conda/envs/nnunet_trainer_slurm/lib/python3.12/site-packages (from blosc2>=3.0.0b1->nnunetv2) (1.10.1)
Requirement already satisfied: msgpack in /lustre/nvwulf/home/jinkokim/.conda/envs/nnunet_trainer_slurm/lib/python3.12/site-packages (from blosc2>=3.0.0b1->nnunetv2) (1.1.2)
Requirement already satisfied: numexpr>=2.14.1 in /lustre/nvwulf/home/jinkokim/.conda/envs/nnunet_trainer_slurm/lib/python3.12/site-packages (from blosc2>=3.0.0b1->nnunetv2) (2.14.1)
Requirement already satisfied: networkx>=3.0 in /lustre/nvwulf/home/jinkokim/.conda/envs/nnunet_trainer_slurm/lib/python3.12/site-packages (from scikit-image>=0.19.3->nnunetv2) (3.6.1)
Requirement already satisfied: imageio!=2.35.0,>=2.33 in /lustre/nvwulf/home/jinkokim/.conda/envs/nnunet_trainer_slurm/lib/python3.12/site-packages (from scikit-image>=0.19.3->nnunetv2) (2.37.3)
Requirement already satisfied: packaging>=21 in /lustre/nvwulf/home/jinkokim/.conda/envs/nnunet_trainer_slurm/lib/python3.12/site-packages (from scikit-image>=0.19.3->nnunetv2) (25.0)
Requirement already satisfied: lazy-loader>=0.4 in /lustre/nvwulf/home/jinkokim/.conda/envs/nnunet_trainer_slurm/lib/python3.12/site-packages (from scikit-image>=0.19.3->nnunetv2) (0.5)
Requirement already satisfied: filelock in /lustre/nvwulf/home/jinkokim/.conda/envs/nnunet_trainer_slurm/lib/python3.12/site-packages (from torch!=2.9.*,>=2.1.2->nnunetv2) (3.25.2)
Requirement already satisfied: typing-extensions>=4.10.0 in /lustre/nvwulf/home/jinkokim/.conda/envs/nnunet_trainer_slurm/lib/python3.12/site-packages (from torch!=2.9.*,>=2.1.2->nnunetv2) (4.15.0)
Requirement already satisfied: setuptools in /lustre/nvwulf/home/jinkokim/.conda/envs/nnunet_trainer_slurm/lib/python3.12/site-packages (from torch!=2.9.*,>=2.1.2->nnunetv2) (80.10.2)
Requirement already satisfied: sympy>=1.13.3 in /lustre/nvwulf/home/jinkokim/.conda/envs/nnunet_trainer_slurm/lib/python3.12/site-packages (from torch!=2.9.*,>=2.1.2->nnunetv2) (1.14.0)
Requirement already satisfied: jinja2 in /lustre/nvwulf/home/jinkokim/.conda/envs/nnunet_trainer_slurm/lib/python3.12/site-packages (from torch!=2.9.*,>=2.1.2->nnunetv2) (3.1.6)
Requirement already satisfied: fsspec>=0.8.5 in /lustre/nvwulf/home/jinkokim/.conda/envs/nnunet_trainer_slurm/lib/python3.12/site-packages (from torch!=2.9.*,>=2.1.2->nnunetv2) (2026.2.0)
Requirement already satisfied: cuda-bindings==12.9.4 in /lustre/nvwulf/home/jinkokim/.conda/envs/nnunet_trainer_slurm/lib/python3.12/site-packages (from torch!=2.9.*,>=2.1.2->nnunetv2) (12.9.4)
Requirement already satisfied: nvidia-cuda-nvrtc-cu12==12.8.93 in /lustre/nvwulf/home/jinkokim/.conda/envs/nnunet_trainer_slurm/lib/python3.12/site-packages (from torch!=2.9.*,>=2.1.2->nnunetv2) (12.8.93)
Requirement already satisfied: nvidia-cuda-runtime-cu12==12.8.90 in /lustre/nvwulf/home/jinkokim/.conda/envs/nnunet_trainer_slurm/lib/python3.12/site-packages (from torch!=2.9.*,>=2.1.2->nnunetv2) (12.8.90)
Requirement already satisfied: nvidia-cuda-cupti-cu12==12.8.90 in /lustre/nvwulf/home/jinkokim/.conda/envs/nnunet_trainer_slurm/lib/python3.12/site-packages (from torch!=2.9.*,>=2.1.2->nnunetv2) (12.8.90)
Requirement already satisfied: nvidia-cudnn-cu12==9.10.2.21 in /lustre/nvwulf/home/jinkokim/.conda/envs/nnunet_trainer_slurm/lib/python3.12/site-packages (from torch!=2.9.*,>=2.1.2->nnunetv2) (9.10.2.21)
Requirement already satisfied: nvidia-cublas-cu12==12.8.4.1 in /lustre/nvwulf/home/jinkokim/.conda/envs/nnunet_trainer_slurm/lib/python3.12/site-packages (from torch!=2.9.*,>=2.1.2->nnunetv2) (12.8.4.1)
Requirement already satisfied: nvidia-cufft-cu12==11.3.3.83 in /lustre/nvwulf/home/jinkokim/.conda/envs/nnunet_trainer_slurm/lib/python3.12/site-packages (from torch!=2.9.*,>=2.1.2->nnunetv2) (11.3.3.83)
Requirement already satisfied: nvidia-curand-cu12==10.3.9.90 in /lustre/nvwulf/home/jinkokim/.conda/envs/nnunet_trainer_slurm/lib/python3.12/site-packages (from torch!=2.9.*,>=2.1.2->nnunetv2) (10.3.9.90)
Requirement already satisfied: nvidia-cusolver-cu12==11.7.3.90 in /lustre/nvwulf/home/jinkokim/.conda/envs/nnunet_trainer_slurm/lib/python3.12/site-packages (from torch!=2.9.*,>=2.1.2->nnunetv2) (11.7.3.90)
Requirement already satisfied: nvidia-cusparse-cu12==12.5.8.93 in /lustre/nvwulf/home/jinkokim/.conda/envs/nnunet_trainer_slurm/lib/python3.12/site-packages (from torch!=2.9.*,>=2.1.2->nnunetv2) (12.5.8.93)
Requirement already satisfied: nvidia-cusparselt-cu12==0.7.1 in /lustre/nvwulf/home/jinkokim/.conda/envs/nnunet_trainer_slurm/lib/python3.12/site-packages (from torch!=2.9.*,>=2.1.2->nnunetv2) (0.7.1)
Requirement already satisfied: nvidia-nccl-cu12==2.27.5 in /lustre/nvwulf/home/jinkokim/.conda/envs/nnunet_trainer_slurm/lib/python3.12/site-packages (from torch!=2.9.*,>=2.1.2->nnunetv2) (2.27.5)
Requirement already satisfied: nvidia-nvshmem-cu12==3.4.5 in /lustre/nvwulf/home/jinkokim/.conda/envs/nnunet_trainer_slurm/lib/python3.12/site-packages (from torch!=2.9.*,>=2.1.2->nnunetv2) (3.4.5)
Requirement already satisfied: nvidia-nvtx-cu12==12.8.90 in /lustre/nvwulf/home/jinkokim/.conda/envs/nnunet_trainer_slurm/lib/python3.12/site-packages (from torch!=2.9.*,>=2.1.2->nnunetv2) (12.8.90)
Requirement already satisfied: nvidia-nvjitlink-cu12==12.8.93 in /lustre/nvwulf/home/jinkokim/.conda/envs/nnunet_trainer_slurm/lib/python3.12/site-packages (from torch!=2.9.*,>=2.1.2->nnunetv2) (12.8.93)
Requirement already satisfied: nvidia-cufile-cu12==1.13.1.3 in /lustre/nvwulf/home/jinkokim/.conda/envs/nnunet_trainer_slurm/lib/python3.12/site-packages (from torch!=2.9.*,>=2.1.2->nnunetv2) (1.13.1.3)
Requirement already satisfied: triton==3.6.0 in /lustre/nvwulf/home/jinkokim/.conda/envs/nnunet_trainer_slurm/lib/python3.12/site-packages (from torch!=2.9.*,>=2.1.2->nnunetv2) (3.6.0)
Requirement already satisfied: cuda-pathfinder~=1.1 in /lustre/nvwulf/home/jinkokim/.conda/envs/nnunet_trainer_slurm/lib/python3.12/site-packages (from cuda-bindings==12.9.4->torch!=2.9.*,>=2.1.2->nnunetv2) (1.4.3)
Requirement already satisfied: mpmath<1.4,>=1.1.0 in /lustre/nvwulf/home/jinkokim/.conda/envs/nnunet_trainer_slurm/lib/python3.12/site-packages (from sympy>=1.13.3->torch!=2.9.*,>=2.1.2->nnunetv2) (1.3.0)
Requirement already satisfied: hf-xet<2.0.0,>=1.4.2 in /lustre/nvwulf/home/jinkokim/.conda/envs/nnunet_trainer_slurm/lib/python3.12/site-packages (from huggingface_hub->timm<1.0.23->dynamic-network-architectures<0.5,>=0.4.1->nnunetv2) (1.4.2)
Requirement already satisfied: httpx<1,>=0.23.0 in /lustre/nvwulf/home/jinkokim/.conda/envs/nnunet_trainer_slurm/lib/python3.12/site-packages (from huggingface_hub->timm<1.0.23->dynamic-network-architectures<0.5,>=0.4.1->nnunetv2) (0.28.1)
Requirement already satisfied: typer in /lustre/nvwulf/home/jinkokim/.conda/envs/nnunet_trainer_slurm/lib/python3.12/site-packages (from huggingface_hub->timm<1.0.23->dynamic-network-architectures<0.5,>=0.4.1->nnunetv2) (0.24.1)
Requirement already satisfied: anyio in /lustre/nvwulf/home/jinkokim/.conda/envs/nnunet_trainer_slurm/lib/python3.12/site-packages (from httpx<1,>=0.23.0->huggingface_hub->timm<1.0.23->dynamic-network-architectures<0.5,>=0.4.1->nnunetv2) (4.12.1)
Requirement already satisfied: certifi in /lustre/nvwulf/home/jinkokim/.conda/envs/nnunet_trainer_slurm/lib/python3.12/site-packages (from httpx<1,>=0.23.0->huggingface_hub->timm<1.0.23->dynamic-network-architectures<0.5,>=0.4.1->nnunetv2) (2026.2.25)
Requirement already satisfied: httpcore==1.* in /lustre/nvwulf/home/jinkokim/.conda/envs/nnunet_trainer_slurm/lib/python3.12/site-packages (from httpx<1,>=0.23.0->huggingface_hub->timm<1.0.23->dynamic-network-architectures<0.5,>=0.4.1->nnunetv2) (1.0.9)
Requirement already satisfied: idna in /lustre/nvwulf/home/jinkokim/.conda/envs/nnunet_trainer_slurm/lib/python3.12/site-packages (from httpx<1,>=0.23.0->huggingface_hub->timm<1.0.23->dynamic-network-architectures<0.5,>=0.4.1->nnunetv2) (3.11)
Requirement already satisfied: h11>=0.16 in /lustre/nvwulf/home/jinkokim/.conda/envs/nnunet_trainer_slurm/lib/python3.12/site-packages (from httpcore==1.*->httpx<1,>=0.23.0->huggingface_hub->timm<1.0.23->dynamic-network-architectures<0.5,>=0.4.1->nnunetv2) (0.16.0)
Requirement already satisfied: MarkupSafe>=2.0 in /lustre/nvwulf/home/jinkokim/.conda/envs/nnunet_trainer_slurm/lib/python3.12/site-packages (from jinja2->torch!=2.9.*,>=2.1.2->nnunetv2) (3.0.3)
Requirement already satisfied: contourpy>=1.0.1 in /lustre/nvwulf/home/jinkokim/.conda/envs/nnunet_trainer_slurm/lib/python3.12/site-packages (from matplotlib->nnunetv2) (1.3.3)
Requirement already satisfied: cycler>=0.10 in /lustre/nvwulf/home/jinkokim/.conda/envs/nnunet_trainer_slurm/lib/python3.12/site-packages (from matplotlib->nnunetv2) (0.12.1)
Requirement already satisfied: fonttools>=4.22.0 in /lustre/nvwulf/home/jinkokim/.conda/envs/nnunet_trainer_slurm/lib/python3.12/site-packages (from matplotlib->nnunetv2) (4.62.1)
Requirement already satisfied: kiwisolver>=1.3.1 in /lustre/nvwulf/home/jinkokim/.conda/envs/nnunet_trainer_slurm/lib/python3.12/site-packages (from matplotlib->nnunetv2) (1.5.0)
Requirement already satisfied: pyparsing>=3 in /lustre/nvwulf/home/jinkokim/.conda/envs/nnunet_trainer_slurm/lib/python3.12/site-packages (from matplotlib->nnunetv2) (3.3.2)
Requirement already satisfied: python-dateutil>=2.7 in /lustre/nvwulf/home/jinkokim/.conda/envs/nnunet_trainer_slurm/lib/python3.12/site-packages (from matplotlib->nnunetv2) (2.9.0.post0)
Requirement already satisfied: six>=1.5 in /lustre/nvwulf/home/jinkokim/.conda/envs/nnunet_trainer_slurm/lib/python3.12/site-packages (from python-dateutil>=2.7->matplotlib->nnunetv2) (1.17.0)
Requirement already satisfied: charset_normalizer<4,>=2 in /lustre/nvwulf/home/jinkokim/.conda/envs/nnunet_trainer_slurm/lib/python3.12/site-packages (from requests->nnunetv2) (3.4.6)
Requirement already satisfied: urllib3<3,>=1.21.1 in /lustre/nvwulf/home/jinkokim/.conda/envs/nnunet_trainer_slurm/lib/python3.12/site-packages (from requests->nnunetv2) (2.6.3)
Requirement already satisfied: joblib>=1.3.0 in /lustre/nvwulf/home/jinkokim/.conda/envs/nnunet_trainer_slurm/lib/python3.12/site-packages (from scikit-learn->nnunetv2) (1.5.3)
Requirement already satisfied: click>=8.2.1 in /lustre/nvwulf/home/jinkokim/.conda/envs/nnunet_trainer_slurm/lib/python3.12/site-packages (from typer->huggingface_hub->timm<1.0.23->dynamic-network-architectures<0.5,>=0.4.1->nnunetv2) (8.3.1)
Requirement already satisfied: shellingham>=1.3.0 in /lustre/nvwulf/home/jinkokim/.conda/envs/nnunet_trainer_slurm/lib/python3.12/site-packages (from typer->huggingface_hub->timm<1.0.23->dynamic-network-architectures<0.5,>=0.4.1->nnunetv2) (1.5.4)
Requirement already satisfied: rich>=12.3.0 in /lustre/nvwulf/home/jinkokim/.conda/envs/nnunet_trainer_slurm/lib/python3.12/site-packages (from typer->huggingface_hub->timm<1.0.23->dynamic-network-architectures<0.5,>=0.4.1->nnunetv2) (14.3.3)
Requirement already satisfied: annotated-doc>=0.0.2 in /lustre/nvwulf/home/jinkokim/.conda/envs/nnunet_trainer_slurm/lib/python3.12/site-packages (from typer->huggingface_hub->timm<1.0.23->dynamic-network-architectures<0.5,>=0.4.1->nnunetv2) (0.0.4)
Requirement already satisfied: markdown-it-py>=2.2.0 in /lustre/nvwulf/home/jinkokim/.conda/envs/nnunet_trainer_slurm/lib/python3.12/site-packages (from rich>=12.3.0->typer->huggingface_hub->timm<1.0.23->dynamic-network-architectures<0.5,>=0.4.1->nnunetv2) (4.0.0)
Requirement already satisfied: pygments<3.0.0,>=2.13.0 in /lustre/nvwulf/home/jinkokim/.conda/envs/nnunet_trainer_slurm/lib/python3.12/site-packages (from rich>=12.3.0->typer->huggingface_hub->timm<1.0.23->dynamic-network-architectures<0.5,>=0.4.1->nnunetv2) (2.19.2)
Requirement already satisfied: mdurl~=0.1 in /lustre/nvwulf/home/jinkokim/.conda/envs/nnunet_trainer_slurm/lib/python3.12/site-packages (from markdown-it-py>=2.2.0->rich>=12.3.0->typer->huggingface_hub->timm<1.0.23->dynamic-network-architectures<0.5,>=0.4.1->nnunetv2) (0.1.2)
Collecting argparse (from unittest2->batchgenerators>=0.25.1->nnunetv2)
  Using cached argparse-1.4.0-py2.py3-none-any.whl.metadata (2.8 kB)
Requirement already satisfied: traceback2 in /lustre/nvwulf/home/jinkokim/.conda/envs/nnunet_trainer_slurm/lib/python3.12/site-packages (from unittest2->batchgenerators>=0.25.1->nnunetv2) (1.4.0)
Requirement already satisfied: linecache2 in /lustre/nvwulf/home/jinkokim/.conda/envs/nnunet_trainer_slurm/lib/python3.12/site-packages (from traceback2->unittest2->batchgenerators>=0.25.1->nnunetv2) (1.0.0)
Using cached argparse-1.4.0-py2.py3-none-any.whl (23 kB)
Installing collected packages: argparse
Successfully installed argparse-1.4.0

=== Starting nnunet_worker_slurm with .env.b40x4-2 ===

2026-09-30 20:30:51,548 WARNING  main: DASHBOARD_RESOLVE_IP=74.208.14.138 — forcing nnunet-dashboard-1.apps.myphysics.net → 74.208.14.138 (remove when cluster DNS works again)
2026-09-30 20:30:52,004 INFO     app.worker: Registered as 'nvwulf01_b40x4-2' (id=940adff2…) at https://nnunet-dashboard-1.apps.myphysics.net
2026-09-30 20:30:52,213 INFO     app.worker: Worker '940adff2-a138-47ec-8479-07f29b53acea' ready. Polling every 30s...
2026-10-01 05:05:40,397 WARNING  app.dashboard_client: Dashboard unreachable (ConnectTimeout: HTTPSConnectionPool(host='nnunet-dashboard-1.apps.myphysics.net', port=443): Max retries exceeded with url: /api/jobs/?worker_id=940adff2-a138-47ec-8479-07f29b53acea&status=pending (Caused by ConnectTimeoutError(<HTTPSConnection(host='nnunet-dashboard-1.apps.myphysics.net', port=443) at 0x7ffff601d070>, 'Connection to nnunet-dashboard-1.apps.myphysics.net timed out. (connect timeout=30)'))), retrying in 1s (attempt 1/3)...
